I'm sorry, but errors were detected in your script. Please correct the
errors listed below, and try again.


File "game/script.rpy", line 133: Line is indented, but the preceding say statement statement does not expect a block. Please check this line's indentation. You may have forgotten a colon (:).
    $ b.set_emotion('neutral')
    ^

Ren'Py Version: Ren'Py 8.2.3.24061702
Mon Jul  8 14:18:43 2024
